TimeQuest Timing Analyzer report for LogicalStep_Lab4_top
Wed Jul 20 12:21:29 2022
Quartus Prime Version 15.1.0 Build 185 10/21/2015 SJ Standard Edition


---------------------
; Table of Contents ;
---------------------
  1. Legal Notice
  2. TimeQuest Timing Analyzer Summary
  3. Parallel Compilation
  4. Clocks
  5. Fmax Summary
  6. Setup Summary
  7. Hold Summary
  8. Recovery Summary
  9. Removal Summary
 10. Minimum Pulse Width Summary
 11. Metastability Summary
 12. Board Trace Model Assignments
 13. Input Transition Times
 14. Signal Integrity Metrics (Slow 1200mv 85c Model)
 15. Setup Transfers
 16. Hold Transfers
 17. Recovery Transfers
 18. Removal Transfers
 19. Report TCCS
 20. Report RSKM
 21. Unconstrained Paths Summary
 22. Clock Status Summary
 23. Unconstrained Input Ports
 24. Unconstrained Output Ports
 25. Unconstrained Input Ports
 26. Unconstrained Output Ports
 27. TimeQuest Timing Analyzer Messages



----------------
; Legal Notice ;
----------------
Copyright (C) 1991-2015 Altera Corporation. All rights reserved.
Your use of Altera Corporation's design tools, logic functions 
and other software and tools, and its AMPP partner logic 
functions, and any output files from any of the foregoing 
(including device programming or simulation files), and any 
associated documentation or information are expressly subject 
to the terms and conditions of the Altera Program License 
Subscription Agreement, the Altera Quartus Prime License Agreement,
the Altera MegaCore Function License Agreement, or other 
applicable license agreement, including, without limitation, 
that your use is for the sole purpose of programming logic 
devices manufactured by Altera and sold by Altera or its 
authorized distributors.  Please refer to the applicable 
agreement for further details.



+---------------------------------------------------------------------------------+
; TimeQuest Timing Analyzer Summary                                               ;
+-----------------------+---------------------------------------------------------+
; Quartus Prime Version ; Version 15.1.0 Build 185 10/21/2015 SJ Standard Edition ;
; Timing Analyzer       ; TimeQuest                                               ;
; Revision Name         ; LogicalStep_Lab4_top                                    ;
; Device Family         ; MAX 10                                                  ;
; Device Name           ; 10M08SAE144C8G                                          ;
; Timing Models         ; Final                                                   ;
; Delay Model           ; Slow 1200mV 85C Model                                   ;
; Rise/Fall Delays      ; Enabled                                                 ;
+-----------------------+---------------------------------------------------------+


+------------------------------------------+
; Parallel Compilation                     ;
+----------------------------+-------------+
; Processors                 ; Number      ;
+----------------------------+-------------+
; Number detected on machine ; 4           ;
; Maximum allowed            ; 2           ;
;                            ;             ;
; Average used               ; 1.00        ;
; Maximum used               ; 2           ;
;                            ;             ;
; Usage by Processor         ; % Time Used ;
;     Processor 1            ; 100.0%      ;
;     Processor 2            ; < 0.1%      ;
+----------------------------+-------------+


+----------------------------------------------------------------------------------------------------------------------------------------------------------------------------------------------------------------------------------------------------------------------------+
; Clocks                                                                                                                                                                                                                                                                     ;
+------------------------------------------------------+------+--------+------------+-------+-------+------------+-----------+-------------+-------+--------+-----------+------------+----------+--------+--------+----------------------------------------------------------+
; Clock Name                                           ; Type ; Period ; Frequency  ; Rise  ; Fall  ; Duty Cycle ; Divide by ; Multiply by ; Phase ; Offset ; Edge List ; Edge Shift ; Inverted ; Master ; Source ; Targets                                                  ;
+------------------------------------------------------+------+--------+------------+-------+-------+------------+-----------+-------------+-------+--------+-----------+------------+----------+--------+--------+----------------------------------------------------------+
; Clkin_50                                             ; Base ; 1.000  ; 1000.0 MHz ; 0.000 ; 0.500 ;            ;           ;             ;       ;        ;           ;            ;          ;        ;        ; { Clkin_50 }                                             ;
; Clock_Source:Clock_Selector|\clk_divider:counter[23] ; Base ; 1.000  ; 1000.0 MHz ; 0.000 ; 0.500 ;            ;           ;             ;       ;        ;           ;            ;          ;        ;        ; { Clock_Source:Clock_Selector|\clk_divider:counter[23] } ;
; Synch_Inverter2:inst1|stages_pb2[1]                  ; Base ; 1.000  ; 1000.0 MHz ; 0.000 ; 0.500 ;            ;           ;             ;       ;        ;           ;            ;          ;        ;        ; { Synch_Inverter2:inst1|stages_pb2[1] }                  ;
; XY_Motion:inst9|current_state.error_state            ; Base ; 1.000  ; 1000.0 MHz ; 0.000 ; 0.500 ;            ;           ;             ;       ;        ;           ;            ;          ;        ;        ; { XY_Motion:inst9|current_state.error_state }            ;
+------------------------------------------------------+------+--------+------------+-------+-------+------------+-----------+-------------+-------+--------+-----------+------------+----------+--------+--------+----------------------------------------------------------+


+-----------------------------------------------------------------------------------------------------------------------------------------------------+
; Fmax Summary                                                                                                                                        ;
+------------+-----------------+------------------------------------------------------+---------------------------------------------------------------+
; Fmax       ; Restricted Fmax ; Clock Name                                           ; Note                                                          ;
+------------+-----------------+------------------------------------------------------+---------------------------------------------------------------+
; 177.15 MHz ; 177.15 MHz      ; Clock_Source:Clock_Selector|\clk_divider:counter[23] ;                                                               ;
; 289.52 MHz ; 289.52 MHz      ; Synch_Inverter2:inst1|stages_pb2[1]                  ;                                                               ;
; 297.71 MHz ; 250.0 MHz       ; Clkin_50                                             ; limit due to minimum period restriction (max I/O toggle rate) ;
+------------+-----------------+------------------------------------------------------+---------------------------------------------------------------+
This panel reports FMAX for every clock in the design, regardless of the user-specified clock periods.  FMAX is only computed for paths where the source and destination registers or ports are driven by the same clock.  Paths of different clocks, including generated clocks, are ignored.  For paths between a clock and its inversion, FMAX is computed as if the rising and falling edges are scaled along with FMAX, such that the duty cycle (in terms of a percentage) is maintained. Altera recommends that you always use clock constraints and other slack reports for sign-off analysis.


+-------------------------------------------------------------------------------+
; Setup Summary                                                                 ;
+------------------------------------------------------+--------+---------------+
; Clock                                                ; Slack  ; End Point TNS ;
+------------------------------------------------------+--------+---------------+
; XY_Motion:inst9|current_state.error_state            ; -4.906 ; -4.906        ;
; Clock_Source:Clock_Selector|\clk_divider:counter[23] ; -4.645 ; -111.932      ;
; Synch_Inverter2:inst1|stages_pb2[1]                  ; -3.502 ; -6.638        ;
; Clkin_50                                             ; -2.359 ; -49.619       ;
+------------------------------------------------------+--------+---------------+


+------------------------------------------------------------------------------+
; Hold Summary                                                                 ;
+------------------------------------------------------+-------+---------------+
; Clock                                                ; Slack ; End Point TNS ;
+------------------------------------------------------+-------+---------------+
; Synch_Inverter2:inst1|stages_pb2[1]                  ; 0.056 ; 0.000         ;
; Clock_Source:Clock_Selector|\clk_divider:counter[23] ; 0.360 ; 0.000         ;
; Clkin_50                                             ; 0.378 ; 0.000         ;
; XY_Motion:inst9|current_state.error_state            ; 0.451 ; 0.000         ;
+------------------------------------------------------+-------+---------------+


+-------------------------------------------------------------------------------+
; Recovery Summary                                                              ;
+------------------------------------------------------+--------+---------------+
; Clock                                                ; Slack  ; End Point TNS ;
+------------------------------------------------------+--------+---------------+
; Clock_Source:Clock_Selector|\clk_divider:counter[23] ; -3.053 ; -65.202       ;
+------------------------------------------------------+--------+---------------+


+------------------------------------------------------------------------------+
; Removal Summary                                                              ;
+------------------------------------------------------+-------+---------------+
; Clock                                                ; Slack ; End Point TNS ;
+------------------------------------------------------+-------+---------------+
; Clock_Source:Clock_Selector|\clk_divider:counter[23] ; 1.450 ; 0.000         ;
+------------------------------------------------------+-------+---------------+


+-------------------------------------------------------------------------------+
; Minimum Pulse Width Summary                                                   ;
+------------------------------------------------------+--------+---------------+
; Clock                                                ; Slack  ; End Point TNS ;
+------------------------------------------------------+--------+---------------+
; Clkin_50                                             ; -3.000 ; -53.558       ;
; Clock_Source:Clock_Selector|\clk_divider:counter[23] ; -1.487 ; -63.941       ;
; XY_Motion:inst9|current_state.error_state            ; 0.414  ; 0.000         ;
; Synch_Inverter2:inst1|stages_pb2[1]                  ; 0.428  ; 0.000         ;
+------------------------------------------------------+--------+---------------+


-------------------------
; Metastability Summary ;
-------------------------
Design MTBF is not calculated because the design doesn't meet its timing requirements.



+-----------------------------------------------------------------------------------------------------------------------------------------------------------------------------------------------------------------------------------------------------------------------------------------------------------------------------------------------------------------------------------------------------------------+
; Board Trace Model Assignments                                                                                                                                                                                                                                                                                                                                                                                   ;
+--------------+--------------+-------------------+-------------------------+-------------------------+---------------+---------------------+----------------+------------------+--------+------------------+------------------------+------------------------+--------------+---------------+-----------------+-------+---------------------+--------------------+---------------+-----------------+-------------+
; Pin          ; I/O Standard ; Near Tline Length ; Near Tline L per Length ; Near Tline C per Length ; Near Series R ; Near Differential R ; Near Pull-up R ; Near Pull-down R ; Near C ; Far Tline Length ; Far Tline L per Length ; Far Tline C per Length ; Far Series R ; Far Pull-up R ; Far Pull-down R ; Far C ; Termination Voltage ; Far Differential R ; EBD File Name ; EBD Signal Name ; EBD Far-end ;
+--------------+--------------+-------------------+-------------------------+-------------------------+---------------+---------------------+----------------+------------------+--------+------------------+------------------------+------------------------+--------------+---------------+-----------------+-------+---------------------+--------------------+---------------+-----------------+-------------+
; leds[0]      ; 3.3-V LVCMOS ; 0 in              ; 0 H/in                  ; 0 F/in                  ; short         ; -                   ; open           ; open             ; open   ; 0 in             ; 0 H/in                 ; 0 F/in                 ; short        ; open          ; open            ; open  ; 0 V                 ; -                  ; n/a           ; n/a             ; n/a         ;
; leds[1]      ; 3.3-V LVCMOS ; 0 in              ; 0 H/in                  ; 0 F/in                  ; short         ; -                   ; open           ; open             ; open   ; 0 in             ; 0 H/in                 ; 0 F/in                 ; short        ; open          ; open            ; open  ; 0 V                 ; -                  ; n/a           ; n/a             ; n/a         ;
; leds[2]      ; 3.3-V LVCMOS ; 0 in              ; 0 H/in                  ; 0 F/in                  ; short         ; -                   ; open           ; open             ; open   ; 0 in             ; 0 H/in                 ; 0 F/in                 ; short        ; open          ; open            ; open  ; 0 V                 ; -                  ; n/a           ; n/a             ; n/a         ;
; leds[3]      ; 3.3-V LVCMOS ; 0 in              ; 0 H/in                  ; 0 F/in                  ; short         ; -                   ; open           ; open             ; open   ; 0 in             ; 0 H/in                 ; 0 F/in                 ; short        ; open          ; open            ; open  ; 0 V                 ; -                  ; n/a           ; n/a             ; n/a         ;
; leds[4]      ; 3.3-V LVCMOS ; 0 in              ; 0 H/in                  ; 0 F/in                  ; short         ; -                   ; open           ; open             ; open   ; 0 in             ; 0 H/in                 ; 0 F/in                 ; short        ; open          ; open            ; open  ; 0 V                 ; -                  ; n/a           ; n/a             ; n/a         ;
; leds[5]      ; 3.3-V LVCMOS ; 0 in              ; 0 H/in                  ; 0 F/in                  ; short         ; -                   ; open           ; open             ; open   ; 0 in             ; 0 H/in                 ; 0 F/in                 ; short        ; open          ; open            ; open  ; 0 V                 ; -                  ; n/a           ; n/a             ; n/a         ;
; leds[6]      ; 3.3-V LVCMOS ; 0 in              ; 0 H/in                  ; 0 F/in                  ; short         ; -                   ; open           ; open             ; open   ; 0 in             ; 0 H/in                 ; 0 F/in                 ; short        ; open          ; open            ; open  ; 0 V                 ; -                  ; n/a           ; n/a             ; n/a         ;
; leds[7]      ; 3.3-V LVCMOS ; 0 in              ; 0 H/in                  ; 0 F/in                  ; short         ; -                   ; open           ; open             ; open   ; 0 in             ; 0 H/in                 ; 0 F/in                 ; short        ; open          ; open            ; open  ; 0 V                 ; -                  ; n/a           ; n/a             ; n/a         ;
; seg7_data[0] ; 3.3-V LVCMOS ; 0 in              ; 0 H/in                  ; 0 F/in                  ; short         ; -                   ; open           ; open             ; open   ; 0 in             ; 0 H/in                 ; 0 F/in                 ; short        ; open          ; open            ; open  ; 0 V                 ; -                  ; n/a           ; n/a             ; n/a         ;
; seg7_data[1] ; 3.3-V LVCMOS ; 0 in              ; 0 H/in                  ; 0 F/in                  ; short         ; -                   ; open           ; open             ; open   ; 0 in             ; 0 H/in                 ; 0 F/in                 ; short        ; open          ; open            ; open  ; 0 V                 ; -                  ; n/a           ; n/a             ; n/a         ;
; seg7_data[2] ; 3.3-V LVCMOS ; 0 in              ; 0 H/in                  ; 0 F/in                  ; short         ; -                   ; open           ; open             ; open   ; 0 in             ; 0 H/in                 ; 0 F/in                 ; short        ; open          ; open            ; open  ; 0 V                 ; -                  ; n/a           ; n/a             ; n/a         ;
; seg7_data[3] ; 3.3-V LVCMOS ; 0 in              ; 0 H/in                  ; 0 F/in                  ; short         ; -                   ; open           ; open             ; open   ; 0 in             ; 0 H/in                 ; 0 F/in                 ; short        ; open          ; open            ; open  ; 0 V                 ; -                  ; n/a           ; n/a             ; n/a         ;
; seg7_data[4] ; 3.3-V LVCMOS ; 0 in              ; 0 H/in                  ; 0 F/in                  ; short         ; -                   ; open           ; open             ; open   ; 0 in             ; 0 H/in                 ; 0 F/in                 ; short        ; open          ; open            ; open  ; 0 V                 ; -                  ; n/a           ; n/a             ; n/a         ;
; seg7_data[5] ; 3.3-V LVCMOS ; 0 in              ; 0 H/in                  ; 0 F/in                  ; short         ; -                   ; open           ; open             ; open   ; 0 in             ; 0 H/in                 ; 0 F/in                 ; short        ; open          ; open            ; open  ; 0 V                 ; -                  ; n/a           ; n/a             ; n/a         ;
; seg7_data[6] ; 3.3-V LVCMOS ; 0 in              ; 0 H/in                  ; 0 F/in                  ; short         ; -                   ; open           ; open             ; open   ; 0 in             ; 0 H/in                 ; 0 F/in                 ; short        ; open          ; open            ; open  ; 0 V                 ; -                  ; n/a           ; n/a             ; n/a         ;
; seg7_char1   ; 3.3-V LVCMOS ; 0 in              ; 0 H/in                  ; 0 F/in                  ; short         ; -                   ; open           ; open             ; open   ; 0 in             ; 0 H/in                 ; 0 F/in                 ; short        ; open          ; open            ; open  ; 0 V                 ; -                  ; n/a           ; n/a             ; n/a         ;
; seg7_char2   ; 3.3-V LVCMOS ; 0 in              ; 0 H/in                  ; 0 F/in                  ; short         ; -                   ; open           ; open             ; open   ; 0 in             ; 0 H/in                 ; 0 F/in                 ; short        ; open          ; open            ; open  ; 0 V                 ; -                  ; n/a           ; n/a             ; n/a         ;
; ~ALTERA_TDO~ ; 3.3-V LVTTL  ; 0 in              ; 0 H/in                  ; 0 F/in                  ; short         ; -                   ; open           ; open             ; open   ; 0 in             ; 0 H/in                 ; 0 F/in                 ; short        ; open          ; open            ; open  ; 0 V                 ; -                  ; n/a           ; n/a             ; n/a         ;
+--------------+--------------+-------------------+-------------------------+-------------------------+---------------+---------------------+----------------+------------------+--------+------------------+------------------------+------------------------+--------------+---------------+-----------------+-------+---------------------+--------------------+---------------+-----------------+-------------+


+--------------------------------------------------------------------------+
; Input Transition Times                                                   ;
+--------------+-----------------------+-----------------+-----------------+
; Pin          ; I/O Standard          ; 10-90 Rise Time ; 90-10 Fall Time ;
+--------------+-----------------------+-----------------+-----------------+
; Clkin_50     ; 3.3-V LVCMOS          ; 2640 ps         ; 2640 ps         ;
; sw[4]        ; 3.3-V LVCMOS          ; 2640 ps         ; 2640 ps         ;
; sw[5]        ; 3.3-V LVCMOS          ; 2640 ps         ; 2640 ps         ;
; sw[7]        ; 3.3-V LVCMOS          ; 2640 ps         ; 2640 ps         ;
; sw[6]        ; 3.3-V LVCMOS          ; 2640 ps         ; 2640 ps         ;
; sw[0]        ; 3.3-V LVCMOS          ; 2640 ps         ; 2640 ps         ;
; sw[1]        ; 3.3-V LVCMOS          ; 2640 ps         ; 2640 ps         ;
; sw[3]        ; 3.3-V LVCMOS          ; 2640 ps         ; 2640 ps         ;
; sw[2]        ; 3.3-V LVCMOS          ; 2640 ps         ; 2640 ps         ;
; pb_n[3]      ; 3.3-V LVCMOS          ; 2640 ps         ; 2640 ps         ;
; pb_n[0]      ; 3.3-V LVCMOS          ; 2640 ps         ; 2640 ps         ;
; pb_n[2]      ; 3.3-V LVCMOS          ; 2640 ps         ; 2640 ps         ;
; pb_n[1]      ; 3.3-V LVCMOS          ; 2640 ps         ; 2640 ps         ;
; ~ALTERA_TMS~ ; 3.3 V Schmitt Trigger ; 2640 ps         ; 2640 ps         ;
; ~ALTERA_TCK~ ; 3.3 V Schmitt Trigger ; 2640 ps         ; 2640 ps         ;
; ~ALTERA_TDI~ ; 3.3 V Schmitt Trigger ; 2640 ps         ; 2640 ps         ;
+--------------+-----------------------+-----------------+-----------------+


+-------------------------------------------------------------------------------------------------------------------------------------------------------------------------------------------------------------------------------------------------------------------------------------------------------------------------------------------------------------------------------------------------------------------------------------------------------------------------------------------------------------------------------------------------------------------------------------------------------------------------------------------------------------------------------------------+
; Signal Integrity Metrics (Slow 1200mv 85c Model)                                                                                                                                                                                                                                                                                                                                                                                                                                                                                                                                                                                                                                          ;
+--------------+--------------+---------------------+---------------------+------------------------------+------------------------------+---------------------+---------------------+--------------------------------------+--------------------------------------+-----------------------------+-----------------------------+----------------------------+----------------------------+-----------------------------+-----------------------------+--------------------+--------------------+-------------------------------------+-------------------------------------+----------------------------+----------------------------+---------------------------+---------------------------+
; Pin          ; I/O Standard ; Board Delay on Rise ; Board Delay on Fall ; Steady State Voh at FPGA Pin ; Steady State Vol at FPGA Pin ; Voh Max at FPGA Pin ; Vol Min at FPGA Pin ; Ringback Voltage on Rise at FPGA Pin ; Ringback Voltage on Fall at FPGA Pin ; 10-90 Rise Time at FPGA Pin ; 90-10 Fall Time at FPGA Pin ; Monotonic Rise at FPGA Pin ; Monotonic Fall at FPGA Pin ; Steady State Voh at Far-end ; Steady State Vol at Far-end ; Voh Max at Far-end ; Vol Min at Far-end ; Ringback Voltage on Rise at Far-end ; Ringback Voltage on Fall at Far-end ; 10-90 Rise Time at Far-end ; 90-10 Fall Time at Far-end ; Monotonic Rise at Far-end ; Monotonic Fall at Far-end ;
+--------------+--------------+---------------------+---------------------+------------------------------+------------------------------+---------------------+---------------------+--------------------------------------+--------------------------------------+-----------------------------+-----------------------------+----------------------------+----------------------------+-----------------------------+-----------------------------+--------------------+--------------------+-------------------------------------+-------------------------------------+----------------------------+----------------------------+---------------------------+---------------------------+
; leds[0]      ; 3.3-V LVCMOS ; 0 s                 ; 0 s                 ; 3.08 V                       ; 2.3e-06 V                    ; 3.1 V               ; -0.0196 V           ; 0.191 V                              ; 0.261 V                              ; 1.03e-09 s                  ; 1.05e-09 s                  ; Yes                        ; Yes                        ; 3.08 V                      ; 2.3e-06 V                   ; 3.1 V              ; -0.0196 V          ; 0.191 V                             ; 0.261 V                             ; 1.03e-09 s                 ; 1.05e-09 s                 ; Yes                       ; Yes                       ;
; leds[1]      ; 3.3-V LVCMOS ; 0 s                 ; 0 s                 ; 3.08 V                       ; 2.3e-06 V                    ; 3.1 V               ; -0.0199 V           ; 0.191 V                              ; 0.262 V                              ; 1.03e-09 s                  ; 1.05e-09 s                  ; Yes                        ; Yes                        ; 3.08 V                      ; 2.3e-06 V                   ; 3.1 V              ; -0.0199 V          ; 0.191 V                             ; 0.262 V                             ; 1.03e-09 s                 ; 1.05e-09 s                 ; Yes                       ; Yes                       ;
; leds[2]      ; 3.3-V LVCMOS ; 0 s                 ; 0 s                 ; 3.08 V                       ; 2.3e-06 V                    ; 3.08 V              ; 2.3e-06 V           ; 0.15 V                               ; 0.118 V                              ; 1.03e-08 s                  ; 1.07e-08 s                  ; Yes                        ; Yes                        ; 3.08 V                      ; 2.3e-06 V                   ; 3.08 V             ; 2.3e-06 V          ; 0.15 V                              ; 0.118 V                             ; 1.03e-08 s                 ; 1.07e-08 s                 ; Yes                       ; Yes                       ;
; leds[3]      ; 3.3-V LVCMOS ; 0 s                 ; 0 s                 ; 3.08 V                       ; 2.3e-06 V                    ; 3.1 V               ; -0.0196 V           ; 0.191 V                              ; 0.261 V                              ; 1.03e-09 s                  ; 1.05e-09 s                  ; Yes                        ; Yes                        ; 3.08 V                      ; 2.3e-06 V                   ; 3.1 V              ; -0.0196 V          ; 0.191 V                             ; 0.261 V                             ; 1.03e-09 s                 ; 1.05e-09 s                 ; Yes                       ; Yes                       ;
; leds[4]      ; 3.3-V LVCMOS ; 0 s                 ; 0 s                 ; 3.08 V                       ; 2.3e-06 V                    ; 3.1 V               ; -0.0196 V           ; 0.191 V                              ; 0.261 V                              ; 1.03e-09 s                  ; 1.05e-09 s                  ; Yes                        ; Yes                        ; 3.08 V                      ; 2.3e-06 V                   ; 3.1 V              ; -0.0196 V          ; 0.191 V                             ; 0.261 V                             ; 1.03e-09 s                 ; 1.05e-09 s                 ; Yes                       ; Yes                       ;
; leds[5]      ; 3.3-V LVCMOS ; 0 s                 ; 0 s                 ; 3.08 V                       ; 2.3e-06 V                    ; 3.1 V               ; -0.0196 V           ; 0.191 V                              ; 0.261 V                              ; 1.03e-09 s                  ; 1.05e-09 s                  ; Yes                        ; Yes                        ; 3.08 V                      ; 2.3e-06 V                   ; 3.1 V              ; -0.0196 V          ; 0.191 V                             ; 0.261 V                             ; 1.03e-09 s                 ; 1.05e-09 s                 ; Yes                       ; Yes                       ;
; leds[6]      ; 3.3-V LVCMOS ; 0 s                 ; 0 s                 ; 3.08 V                       ; 2.3e-06 V                    ; 3.1 V               ; -0.018 V            ; 0.27 V                               ; 0.217 V                              ; 1.11e-09 s                  ; 1.22e-09 s                  ; Yes                        ; Yes                        ; 3.08 V                      ; 2.3e-06 V                   ; 3.1 V              ; -0.018 V           ; 0.27 V                              ; 0.217 V                             ; 1.11e-09 s                 ; 1.22e-09 s                 ; Yes                       ; Yes                       ;
; leds[7]      ; 3.3-V LVCMOS ; 0 s                 ; 0 s                 ; 3.08 V                       ; 2.3e-06 V                    ; 3.1 V               ; -0.018 V            ; 0.27 V                               ; 0.217 V                              ; 1.11e-09 s                  ; 1.22e-09 s                  ; Yes                        ; Yes                        ; 3.08 V                      ; 2.3e-06 V                   ; 3.1 V              ; -0.018 V           ; 0.27 V                              ; 0.217 V                             ; 1.11e-09 s                 ; 1.22e-09 s                 ; Yes                       ; Yes                       ;
; seg7_data[0] ; 3.3-V LVCMOS ; 0 s                 ; 0 s                 ; 3.08 V                       ; 2.3e-06 V                    ; 3.08 V              ; 2.3e-06 V           ; 0.15 V                               ; 0.118 V                              ; 1.03e-08 s                  ; 1.07e-08 s                  ; Yes                        ; Yes                        ; 3.08 V                      ; 2.3e-06 V                   ; 3.08 V             ; 2.3e-06 V          ; 0.15 V                              ; 0.118 V                             ; 1.03e-08 s                 ; 1.07e-08 s                 ; Yes                       ; Yes                       ;
; seg7_data[1] ; 3.3-V LVCMOS ; 0 s                 ; 0 s                 ; 3.08 V                       ; 2.3e-06 V                    ; 3.1 V               ; -0.018 V            ; 0.27 V                               ; 0.216 V                              ; 1.11e-09 s                  ; 1.22e-09 s                  ; Yes                        ; Yes                        ; 3.08 V                      ; 2.3e-06 V                   ; 3.1 V              ; -0.018 V           ; 0.27 V                              ; 0.216 V                             ; 1.11e-09 s                 ; 1.22e-09 s                 ; Yes                       ; Yes                       ;
; seg7_data[2] ; 3.3-V LVCMOS ; 0 s                 ; 0 s                 ; 3.08 V                       ; 2.3e-06 V                    ; 3.1 V               ; -0.0196 V           ; 0.191 V                              ; 0.261 V                              ; 1.03e-09 s                  ; 1.05e-09 s                  ; Yes                        ; Yes                        ; 3.08 V                      ; 2.3e-06 V                   ; 3.1 V              ; -0.0196 V          ; 0.191 V                             ; 0.261 V                             ; 1.03e-09 s                 ; 1.05e-09 s                 ; Yes                       ; Yes                       ;
; seg7_data[3] ; 3.3-V LVCMOS ; 0 s                 ; 0 s                 ; 3.08 V                       ; 2.3e-06 V                    ; 3.1 V               ; -0.0196 V           ; 0.191 V                              ; 0.261 V                              ; 1.03e-09 s                  ; 1.05e-09 s                  ; Yes                        ; Yes                        ; 3.08 V                      ; 2.3e-06 V                   ; 3.1 V              ; -0.0196 V          ; 0.191 V                             ; 0.261 V                             ; 1.03e-09 s                 ; 1.05e-09 s                 ; Yes                       ; Yes                       ;
; seg7_data[4] ; 3.3-V LVCMOS ; 0 s                 ; 0 s                 ; 3.08 V                       ; 2.3e-06 V                    ; 3.1 V               ; -0.0199 V           ; 0.191 V                              ; 0.262 V                              ; 1.03e-09 s                  ; 1.05e-09 s                  ; Yes                        ; Yes                        ; 3.08 V                      ; 2.3e-06 V                   ; 3.1 V              ; -0.0199 V          ; 0.191 V                             ; 0.262 V                             ; 1.03e-09 s                 ; 1.05e-09 s                 ; Yes                       ; Yes                       ;
; seg7_data[5] ; 3.3-V LVCMOS ; 0 s                 ; 0 s                 ; 3.08 V                       ; 2.3e-06 V                    ; 3.1 V               ; -0.0199 V           ; 0.191 V                              ; 0.262 V                              ; 1.03e-09 s                  ; 1.05e-09 s                  ; Yes                        ; Yes                        ; 3.08 V                      ; 2.3e-06 V                   ; 3.1 V              ; -0.0199 V          ; 0.191 V                             ; 0.262 V                             ; 1.03e-09 s                 ; 1.05e-09 s                 ; Yes                       ; Yes                       ;
; seg7_data[6] ; 3.3-V LVCMOS ; 0 s                 ; 0 s                 ; 3.08 V                       ; 2.3e-06 V                    ; 3.1 V               ; -0.018 V            ; 0.27 V                               ; 0.216 V                              ; 1.11e-09 s                  ; 1.22e-09 s                  ; Yes                        ; Yes                        ; 3.08 V                      ; 2.3e-06 V                   ; 3.1 V              ; -0.018 V           ; 0.27 V                              ; 0.216 V                             ; 1.11e-09 s                 ; 1.22e-09 s                 ; Yes                       ; Yes                       ;
; seg7_char1   ; 3.3-V LVCMOS ; 0 s                 ; 0 s                 ; 3.08 V                       ; 2.3e-06 V                    ; 3.1 V               ; -0.0196 V           ; 0.191 V                              ; 0.261 V                              ; 1.03e-09 s                  ; 1.05e-09 s                  ; Yes                        ; Yes                        ; 3.08 V                      ; 2.3e-06 V                   ; 3.1 V              ; -0.0196 V          ; 0.191 V                             ; 0.261 V                             ; 1.03e-09 s                 ; 1.05e-09 s                 ; Yes                       ; Yes                       ;
; seg7_char2   ; 3.3-V LVCMOS ; 0 s                 ; 0 s                 ; 3.08 V                       ; 2.3e-06 V                    ; 3.1 V               ; -0.0196 V           ; 0.191 V                              ; 0.261 V                              ; 1.03e-09 s                  ; 1.05e-09 s                  ; Yes                        ; Yes                        ; 3.08 V                      ; 2.3e-06 V                   ; 3.1 V              ; -0.0196 V          ; 0.191 V                             ; 0.261 V                             ; 1.03e-09 s                 ; 1.05e-09 s                 ; Yes                       ; Yes                       ;
; ~ALTERA_TDO~ ; 3.3-V LVTTL  ; 0 s                 ; 0 s                 ; 3.08 V                       ; 1.3e-06 V                    ; 3.15 V              ; -0.0682 V           ; 0.279 V                              ; 0.237 V                              ; 4.81e-10 s                  ; 6.4e-10 s                   ; Yes                        ; No                         ; 3.08 V                      ; 1.3e-06 V                   ; 3.15 V             ; -0.0682 V          ; 0.279 V                             ; 0.237 V                             ; 4.81e-10 s                 ; 6.4e-10 s                  ; Yes                       ; No                        ;
+--------------+--------------+---------------------+---------------------+------------------------------+------------------------------+---------------------+---------------------+--------------------------------------+--------------------------------------+-----------------------------+-----------------------------+----------------------------+----------------------------+-----------------------------+-----------------------------+--------------------+--------------------+-------------------------------------+-------------------------------------+----------------------------+----------------------------+---------------------------+---------------------------+


+---------------------------------------------------------------------------------------------------------------------------------------------------------+
; Setup Transfers                                                                                                                                         ;
+------------------------------------------------------+------------------------------------------------------+----------+----------+----------+----------+
; From Clock                                           ; To Clock                                             ; RR Paths ; FR Paths ; RF Paths ; FF Paths ;
+------------------------------------------------------+------------------------------------------------------+----------+----------+----------+----------+
; Clkin_50                                             ; Clkin_50                                             ; 364      ; 0        ; 0        ; 0        ;
; Clock_Source:Clock_Selector|\clk_divider:counter[23] ; Clkin_50                                             ; 1        ; 1        ; 0        ; 0        ;
; Clock_Source:Clock_Selector|\clk_divider:counter[23] ; Clock_Source:Clock_Selector|\clk_divider:counter[23] ; 643      ; 0        ; 0        ; 0        ;
; Synch_Inverter2:inst1|stages_pb2[1]                  ; Clock_Source:Clock_Selector|\clk_divider:counter[23] ; 44       ; 32       ; 0        ; 0        ;
; XY_Motion:inst9|current_state.error_state            ; Clock_Source:Clock_Selector|\clk_divider:counter[23] ; 23       ; 11       ; 0        ; 0        ;
; Clock_Source:Clock_Selector|\clk_divider:counter[23] ; Synch_Inverter2:inst1|stages_pb2[1]                  ; 24       ; 0        ; 0        ; 0        ;
; Synch_Inverter2:inst1|stages_pb2[1]                  ; Synch_Inverter2:inst1|stages_pb2[1]                  ; 2        ; 2        ; 0        ; 0        ;
; Clock_Source:Clock_Selector|\clk_divider:counter[23] ; XY_Motion:inst9|current_state.error_state            ; 57       ; 0        ; 0        ; 0        ;
; Synch_Inverter2:inst1|stages_pb2[1]                  ; XY_Motion:inst9|current_state.error_state            ; 1        ; 1        ; 0        ; 0        ;
+------------------------------------------------------+------------------------------------------------------+----------+----------+----------+----------+
Entries labeled "false path" only account for clock-to-clock false paths and not path-based false paths. As a result, actual path counts may be lower than reported.


+---------------------------------------------------------------------------------------------------------------------------------------------------------+
; Hold Transfers                                                                                                                                          ;
+------------------------------------------------------+------------------------------------------------------+----------+----------+----------+----------+
; From Clock                                           ; To Clock                                             ; RR Paths ; FR Paths ; RF Paths ; FF Paths ;
+------------------------------------------------------+------------------------------------------------------+----------+----------+----------+----------+
; Clkin_50                                             ; Clkin_50                                             ; 364      ; 0        ; 0        ; 0        ;
; Clock_Source:Clock_Selector|\clk_divider:counter[23] ; Clkin_50                                             ; 1        ; 1        ; 0        ; 0        ;
; Clock_Source:Clock_Selector|\clk_divider:counter[23] ; Clock_Source:Clock_Selector|\clk_divider:counter[23] ; 643      ; 0        ; 0        ; 0        ;
; Synch_Inverter2:inst1|stages_pb2[1]                  ; Clock_Source:Clock_Selector|\clk_divider:counter[23] ; 44       ; 32       ; 0        ; 0        ;
; XY_Motion:inst9|current_state.error_state            ; Clock_Source:Clock_Selector|\clk_divider:counter[23] ; 23       ; 11       ; 0        ; 0        ;
; Clock_Source:Clock_Selector|\clk_divider:counter[23] ; Synch_Inverter2:inst1|stages_pb2[1]                  ; 24       ; 0        ; 0        ; 0        ;
; Synch_Inverter2:inst1|stages_pb2[1]                  ; Synch_Inverter2:inst1|stages_pb2[1]                  ; 2        ; 2        ; 0        ; 0        ;
; Clock_Source:Clock_Selector|\clk_divider:counter[23] ; XY_Motion:inst9|current_state.error_state            ; 57       ; 0        ; 0        ; 0        ;
; Synch_Inverter2:inst1|stages_pb2[1]                  ; XY_Motion:inst9|current_state.error_state            ; 1        ; 1        ; 0        ; 0        ;
+------------------------------------------------------+------------------------------------------------------+----------+----------+----------+----------+
Entries labeled "false path" only account for clock-to-clock false paths and not path-based false paths. As a result, actual path counts may be lower than reported.


+---------------------------------------------------------------------------------------------------------------------------------------------------------+
; Recovery Transfers                                                                                                                                      ;
+------------------------------------------------------+------------------------------------------------------+----------+----------+----------+----------+
; From Clock                                           ; To Clock                                             ; RR Paths ; FR Paths ; RF Paths ; FF Paths ;
+------------------------------------------------------+------------------------------------------------------+----------+----------+----------+----------+
; Clock_Source:Clock_Selector|\clk_divider:counter[23] ; Clock_Source:Clock_Selector|\clk_divider:counter[23] ; 35       ; 0        ; 0        ; 0        ;
+------------------------------------------------------+------------------------------------------------------+----------+----------+----------+----------+
Entries labeled "false path" only account for clock-to-clock false paths and not path-based false paths. As a result, actual path counts may be lower than reported.


+---------------------------------------------------------------------------------------------------------------------------------------------------------+
; Removal Transfers                                                                                                                                       ;
+------------------------------------------------------+------------------------------------------------------+----------+----------+----------+----------+
; From Clock                                           ; To Clock                                             ; RR Paths ; FR Paths ; RF Paths ; FF Paths ;
+------------------------------------------------------+------------------------------------------------------+----------+----------+----------+----------+
; Clock_Source:Clock_Selector|\clk_divider:counter[23] ; Clock_Source:Clock_Selector|\clk_divider:counter[23] ; 35       ; 0        ; 0        ; 0        ;
+------------------------------------------------------+------------------------------------------------------+----------+----------+----------+----------+
Entries labeled "false path" only account for clock-to-clock false paths and not path-based false paths. As a result, actual path counts may be lower than reported.


---------------
; Report TCCS ;
---------------
No dedicated SERDES Transmitter circuitry present in device or used in design


---------------
; Report RSKM ;
---------------
No non-DPA dedicated SERDES Receiver circuitry present in device or used in design


+------------------------------------------------+
; Unconstrained Paths Summary                    ;
+---------------------------------+-------+------+
; Property                        ; Setup ; Hold ;
+---------------------------------+-------+------+
; Illegal Clocks                  ; 0     ; 0    ;
; Unconstrained Clocks            ; 0     ; 0    ;
; Unconstrained Input Ports       ; 12    ; 12   ;
; Unconstrained Input Port Paths  ; 12    ; 12   ;
; Unconstrained Output Ports      ; 15    ; 15   ;
; Unconstrained Output Port Paths ; 72    ; 72   ;
+---------------------------------+-------+------+


+----------------------------------------------------------------------------------------------------------------------------------+
; Clock Status Summary                                                                                                             ;
+------------------------------------------------------+------------------------------------------------------+------+-------------+
; Target                                               ; Clock                                                ; Type ; Status      ;
+------------------------------------------------------+------------------------------------------------------+------+-------------+
; Clkin_50                                             ; Clkin_50                                             ; Base ; Constrained ;
; Clock_Source:Clock_Selector|\clk_divider:counter[23] ; Clock_Source:Clock_Selector|\clk_divider:counter[23] ; Base ; Constrained ;
; Synch_Inverter2:inst1|stages_pb2[1]                  ; Synch_Inverter2:inst1|stages_pb2[1]                  ; Base ; Constrained ;
; XY_Motion:inst9|current_state.error_state            ; XY_Motion:inst9|current_state.error_state            ; Base ; Constrained ;
+------------------------------------------------------+------------------------------------------------------+------+-------------+


+---------------------------------------------------------------------------------------------------+
; Unconstrained Input Ports                                                                         ;
+------------+--------------------------------------------------------------------------------------+
; Input Port ; Comment                                                                              ;
+------------+--------------------------------------------------------------------------------------+
; pb_n[0]    ; No input delay, min/max delays, false-path exceptions, or max skew assignments found ;
; pb_n[1]    ; No input delay, min/max delays, false-path exceptions, or max skew assignments found ;
; pb_n[2]    ; No input delay, min/max delays, false-path exceptions, or max skew assignments found ;
; pb_n[3]    ; No input delay, min/max delays, false-path exceptions, or max skew assignments found ;
; sw[0]      ; No input delay, min/max delays, false-path exceptions, or max skew assignments found ;
; sw[1]      ; No input delay, min/max delays, false-path exceptions, or max skew assignments found ;
; sw[2]      ; No input delay, min/max delays, false-path exceptions, or max skew assignments found ;
; sw[3]      ; No input delay, min/max delays, false-path exceptions, or max skew assignments found ;
; sw[4]      ; No input delay, min/max delays, false-path exceptions, or max skew assignments found ;
; sw[5]      ; No input delay, min/max delays, false-path exceptions, or max skew assignments found ;
; sw[6]      ; No input delay, min/max delays, false-path exceptions, or max skew assignments found ;
; sw[7]      ; No input delay, min/max delays, false-path exceptions, or max skew assignments found ;
+------------+--------------------------------------------------------------------------------------+


+------------------------------------------------------------------------------------------------------+
; Unconstrained Output Ports                                                                           ;
+--------------+---------------------------------------------------------------------------------------+
; Output Port  ; Comment                                                                               ;
+--------------+---------------------------------------------------------------------------------------+
; leds[0]      ; No output delay, min/max delays, false-path exceptions, or max skew assignments found ;
; leds[1]      ; No output delay, min/max delays, false-path exceptions, or max skew assignments found ;
; leds[2]      ; No output delay, min/max delays, false-path exceptions, or max skew assignments found ;
; leds[3]      ; No output delay, min/max delays, false-path exceptions, or max skew assignments found ;
; leds[4]      ; No output delay, min/max delays, false-path exceptions, or max skew assignments found ;
; leds[5]      ; No output delay, min/max delays, false-path exceptions, or max skew assignments found ;
; seg7_char1   ; No output delay, min/max delays, false-path exceptions, or max skew assignments found ;
; seg7_char2   ; No output delay, min/max delays, false-path exceptions, or max skew assignments found ;
; seg7_data[0] ; No output delay, min/max delays, false-path exceptions, or max skew assignments found ;
; seg7_data[1] ; No output delay, min/max delays, false-path exceptions, or max skew assignments found ;
; seg7_data[2] ; No output delay, min/max delays, false-path exceptions, or max skew assignments found ;
; seg7_data[3] ; No output delay, min/max delays, false-path exceptions, or max skew assignments found ;
; seg7_data[4] ; No output delay, min/max delays, false-path exceptions, or max skew assignments found ;
; seg7_data[5] ; No output delay, min/max delays, false-path exceptions, or max skew assignments found ;
; seg7_data[6] ; No output delay, min/max delays, false-path exceptions, or max skew assignments found ;
+--------------+---------------------------------------------------------------------------------------+


+---------------------------------------------------------------------------------------------------+
; Unconstrained Input Ports                                                                         ;
+------------+--------------------------------------------------------------------------------------+
; Input Port ; Comment                                                                              ;
+------------+--------------------------------------------------------------------------------------+
; pb_n[0]    ; No input delay, min/max delays, false-path exceptions, or max skew assignments found ;
; pb_n[1]    ; No input delay, min/max delays, false-path exceptions, or max skew assignments found ;
; pb_n[2]    ; No input delay, min/max delays, false-path exceptions, or max skew assignments found ;
; pb_n[3]    ; No input delay, min/max delays, false-path exceptions, or max skew assignments found ;
; sw[0]      ; No input delay, min/max delays, false-path exceptions, or max skew assignments found ;
; sw[1]      ; No input delay, min/max delays, false-path exceptions, or max skew assignments found ;
; sw[2]      ; No input delay, min/max delays, false-path exceptions, or max skew assignments found ;
; sw[3]      ; No input delay, min/max delays, false-path exceptions, or max skew assignments found ;
; sw[4]      ; No input delay, min/max delays, false-path exceptions, or max skew assignments found ;
; sw[5]      ; No input delay, min/max delays, false-path exceptions, or max skew assignments found ;
; sw[6]      ; No input delay, min/max delays, false-path exceptions, or max skew assignments found ;
; sw[7]      ; No input delay, min/max delays, false-path exceptions, or max skew assignments found ;
+------------+--------------------------------------------------------------------------------------+


+------------------------------------------------------------------------------------------------------+
; Unconstrained Output Ports                                                                           ;
+--------------+---------------------------------------------------------------------------------------+
; Output Port  ; Comment                                                                               ;
+--------------+---------------------------------------------------------------------------------------+
; leds[0]      ; No output delay, min/max delays, false-path exceptions, or max skew assignments found ;
; leds[1]      ; No output delay, min/max delays, false-path exceptions, or max skew assignments found ;
; leds[2]      ; No output delay, min/max delays, false-path exceptions, or max skew assignments found ;
; leds[3]      ; No output delay, min/max delays, false-path exceptions, or max skew assignments found ;
; leds[4]      ; No output delay, min/max delays, false-path exceptions, or max skew assignments found ;
; leds[5]      ; No output delay, min/max delays, false-path exceptions, or max skew assignments found ;
; seg7_char1   ; No output delay, min/max delays, false-path exceptions, or max skew assignments found ;
; seg7_char2   ; No output delay, min/max delays, false-path exceptions, or max skew assignments found ;
; seg7_data[0] ; No output delay, min/max delays, false-path exceptions, or max skew assignments found ;
; seg7_data[1] ; No output delay, min/max delays, false-path exceptions, or max skew assignments found ;
; seg7_data[2] ; No output delay, min/max delays, false-path exceptions, or max skew assignments found ;
; seg7_data[3] ; No output delay, min/max delays, false-path exceptions, or max skew assignments found ;
; seg7_data[4] ; No output delay, min/max delays, false-path exceptions, or max skew assignments found ;
; seg7_data[5] ; No output delay, min/max delays, false-path exceptions, or max skew assignments found ;
; seg7_data[6] ; No output delay, min/max delays, false-path exceptions, or max skew assignments found ;
+--------------+---------------------------------------------------------------------------------------+


+------------------------------------+
; TimeQuest Timing Analyzer Messages ;
+------------------------------------+
Info: *******************************************************************
Info: Running Quartus Prime TimeQuest Timing Analyzer
    Info: Version 15.1.0 Build 185 10/21/2015 SJ Standard Edition
    Info: Processing started: Wed Jul 20 12:21:28 2022
Info: Command: quartus_sta LogicalStep_Lab4 -c LogicalStep_Lab4_top
Info: qsta_default_script.tcl version: #1
Info (20030): Parallel compilation is enabled and will use 2 of the 2 processors detected
Info (21077): Low junction temperature is 0 degrees C
Info (21077): High junction temperature is 85 degrees C
Warning (335093): TimeQuest Timing Analyzer is analyzing 3 combinational loops as latches.
Critical Warning (332012): Synopsys Design Constraints File file not found: 'LogicalStep_Lab4_top.sdc'. A Synopsys Design Constraints File is required by the TimeQuest Timing Analyzer to get proper timing constraints. Without it, the Compiler will not properly optimize the design.
Info (332142): No user constrained base clocks found in the design. Calling "derive_clocks -period 1.0"
Info (332105): Deriving Clocks
    Info (332105): create_clock -period 1.000 -name Clock_Source:Clock_Selector|\clk_divider:counter[23] Clock_Source:Clock_Selector|\clk_divider:counter[23]
    Info (332105): create_clock -period 1.000 -name Clkin_50 Clkin_50
    Info (332105): create_clock -period 1.000 -name Synch_Inverter2:inst1|stages_pb2[1] Synch_Inverter2:inst1|stages_pb2[1]
    Info (332105): create_clock -period 1.000 -name XY_Motion:inst9|current_state.error_state XY_Motion:inst9|current_state.error_state
Info (332143): No user constrained clock uncertainty found in the design. Calling "derive_clock_uncertainty"
Info (332123): Deriving Clock Uncertainty. Please refer to report_sdc in TimeQuest to see clock uncertainties.
Info: Found TIMEQUEST_REPORT_SCRIPT_INCLUDE_DEFAULT_ANALYSIS = ON
Info: Can't run Report Timing Closure Recommendations. The current device family is not supported.
Critical Warning (332148): Timing requirements not met
Info (332146): Worst-case setup slack is -4.906
    Info (332119):     Slack       End Point TNS Clock 
    Info (332119): ========= =================== =====================
    Info (332119):    -4.906              -4.906 XY_Motion:inst9|current_state.error_state 
    Info (332119):    -4.645            -111.932 Clock_Source:Clock_Selector|\clk_divider:counter[23] 
    Info (332119):    -3.502              -6.638 Synch_Inverter2:inst1|stages_pb2[1] 
    Info (332119):    -2.359             -49.619 Clkin_50 
Info (332146): Worst-case hold slack is 0.056
    Info (332119):     Slack       End Point TNS Clock 
    Info (332119): ========= =================== =====================
    Info (332119):     0.056               0.000 Synch_Inverter2:inst1|stages_pb2[1] 
    Info (332119):     0.360               0.000 Clock_Source:Clock_Selector|\clk_divider:counter[23] 
    Info (332119):     0.378               0.000 Clkin_50 
    Info (332119):     0.451               0.000 XY_Motion:inst9|current_state.error_state 
Info (332146): Worst-case recovery slack is -3.053
    Info (332119):     Slack       End Point TNS Clock 
    Info (332119): ========= =================== =====================
    Info (332119):    -3.053             -65.202 Clock_Source:Clock_Selector|\clk_divider:counter[23] 
Info (332146): Worst-case removal slack is 1.450
    Info (332119):     Slack       End Point TNS Clock 
    Info (332119): ========= =================== =====================
    Info (332119):     1.450               0.000 Clock_Source:Clock_Selector|\clk_divider:counter[23] 
Info (332146): Worst-case minimum pulse width slack is -3.000
    Info (332119):     Slack       End Point TNS Clock 
    Info (332119): ========= =================== =====================
    Info (332119):    -3.000             -53.558 Clkin_50 
    Info (332119):    -1.487             -63.941 Clock_Source:Clock_Selector|\clk_divider:counter[23] 
    Info (332119):     0.414               0.000 XY_Motion:inst9|current_state.error_state 
    Info (332119):     0.428               0.000 Synch_Inverter2:inst1|stages_pb2[1] 
Info (332114): Report Metastability: Found 3 synchronizer chains.
    Info (332114): Design MTBF is not calculated because the design doesn't meet its timing requirements.
Info (332102): Design is not fully constrained for setup requirements
Info (332102): Design is not fully constrained for hold requirements
Info: Quartus Prime TimeQuest Timing Analyzer was successful. 0 errors, 3 warnings
    Info: Peak virtual memory: 4877 megabytes
    Info: Processing ended: Wed Jul 20 12:21:29 2022
    Info: Elapsed time: 00:00:01
    Info: Total CPU time (on all processors): 00:00:01


